# 编译日志 - compile.log
## 扫描时间: 2026-08-04

### 扫描结果
- 扫描目录: data/raw/
- 发现文件: 临界-爵迹.txt (UTF-16 LE, 7589行, 927925字节)
- 新文件: 临界-爵迹.txt (compile-results.tsv 中无记录，首次编译)

### 变更摘要
- 新增文件: 1
- 修改文件: 0
- 未修改文件: 0

### 最终处理范围（全书完成）
- ✅ 序章: 神遇 (line 59-132)
- ✅ 第一章: 第三个红点 (line 133-514)
- ✅ 第二章: 赐印 (line 515-950)
- ✅ 第三章: 灵犀 (line 951-1236)
- ✅ 第四章: 生魂 (line 1237-1626)
- ✅ 第五章: 黄金魂雾 (line 1627-2034)
- ✅ 第六章: 大天使 (line 2035-2396)
- ✅ 第七章: 尤图尔遗迹 (line 2397-2876)
- ✅ 第八章: 遥远的血光 (line 2877-3198)
- ✅ 第九章: 侵蚀者 (line 3199-3526)
- ✅ 第十章: 噬魂兽 (line 3527-3830)
- ✅ 第十一章: 亡灵使 (line 3831-4070)
- ✅ 第十二章: 霓虹 (line 4071-4250)
- ✅ 第十三章: 聚魂式 (line 4251-4528)
- ✅ 第十四章: 女神的裙摆 (line 4529-4766)
- ✅ 第十五章: 人狱 (line 4767-4974)
- ✅ 第十六章: 远世 (line 4975-5224)
- ✅ 第二十章: 零尘诀 (line 6187-6446)
- ✅ 第二十一章: 亡者的黑瞳 (line 6447-6782)
- ✅ 第二十二章: 囚神植被 (line 6783-6942)
- ✅ 第二十三章: 浆芝 (line 6943-7166)
- ✅ 第二十四章: 风水禁言录 (line 7167-7589)
- ✅ 尾声: 零度王爵

### 最终统计
- 全书 7589 行，共 24 章（含序章+尾声）全部处理完毕
- 生成 Wiki 条目: 47个 (.md文件)
- 编译时间: 2026-08-04 完成
